验证分区 40 张,GT 289 个
/root/autodl-tmp/cyberaicup2026/task1_pipeline/models/strong.py:25: UserWarning: [strong] 未装 segmentation_models_pytorch(No module named 'segmentation_models_pytorch');smp 系强 baseline 不可用。
  warnings.warn(f"[strong] 未装 segmentation_models_pytorch({e});smp 系强 baseline 不可用。")
  [ 1/40] img004 GT  9  U-Net  8  TASL  8  仅TASL 1  1s
  [ 2/40] img005 GT  5  U-Net  5  TASL  0  仅TASL 0  3s
  [ 3/40] img007 GT 10  U-Net 10  TASL 10  仅TASL 0  3s
  [ 4/40] img012 GT 11  U-Net 11  TASL 11  仅TASL 0  9s
  [ 5/40] img016 GT  6  U-Net  4  TASL  1  仅TASL 0  10s
  [ 6/40] img018 GT  8  U-Net  7  TASL  5  仅TASL 0  11s
  [ 7/40] img022 GT  5  U-Net  5  TASL  5  仅TASL 0  16s
  [ 8/40] img033 GT  3  U-Net  3  TASL  3  仅TASL 0  22s
  [ 9/40] img037 GT  7  U-Net  7  TASL  7  仅TASL 0  26s
  [10/40] img044 GT  6  U-Net  6  TASL  6  仅TASL 0  32s
  [11/40] img045 GT  6  U-Net  3  TASL  5  仅TASL 2  37s
  [12/40] img055 GT  6  U-Net  5  TASL  0  仅TASL 0  42s
  [13/40] img060 GT 10  U-Net 10  TASL 10  仅TASL 0  48s
  [14/40] img061 GT  7  U-Net  7  TASL  7  仅TASL 0  53s
  [15/40] img074 GT 11  U-Net 11  TASL 11  仅TASL 0  58s
  [16/40] img080 GT  7  U-Net  4  TASL  6  仅TASL 2  106s
  [17/40] img083 GT  8  U-Net  7  TASL  7  仅TASL 0  108s
  [18/40] img098 GT  4  U-Net  4  TASL  4  仅TASL 0  112s
  [19/40] img106 GT  6  U-Net  4  TASL  6  仅TASL 2  123s
  [20/40] img107 GT  9  U-Net  6  TASL  9  仅TASL 3  134s
  [21/40] img111 GT  8  U-Net  7  TASL  8  仅TASL 1  145s
  [22/40] img122 GT  6  U-Net  4  TASL  5  仅TASL 1  216s
  [23/40] img123 GT  9  U-Net  8  TASL  9  仅TASL 1  225s
  [24/40] img125 GT  9  U-Net  9  TASL  9  仅TASL 0  228s
  [25/40] img129 GT 10  U-Net 10  TASL 10  仅TASL 0  232s
  [26/40] img130 GT  5  U-Net  5  TASL  5  仅TASL 0  234s
  [27/40] img145 GT  7  U-Net  7  TASL  7  仅TASL 0  238s
  [28/40] img146 GT  3  U-Net  3  TASL  3  仅TASL 0  242s
  [29/40] img150 GT  6  U-Net  6  TASL  6  仅TASL 0  246s
  [30/40] img152 GT  5  U-Net  4  TASL  0  仅TASL 0  249s
  [31/40] img154 GT 10  U-Net 10  TASL 10  仅TASL 0  253s
  [32/40] img159 GT  9  U-Net  9  TASL  8  仅TASL 0  257s
  [33/40] img170 GT  3  U-Net  3  TASL  3  仅TASL 0  261s
  [34/40] img177 GT  6  U-Net  6  TASL  6  仅TASL 0  264s
  [35/40] img179 GT  9  U-Net  9  TASL  9  仅TASL 0  268s
  [36/40] img180 GT 10  U-Net  9  TASL  0  仅TASL 0  272s
  [37/40] img182 GT  5  U-Net  5  TASL  5  仅TASL 0  275s
  [38/40] img183 GT  9  U-Net  9  TASL  8  仅TASL 0  279s
  [39/40] img185 GT  6  U-Net  6  TASL  6  仅TASL 0  283s
  [40/40] img189 GT 10  U-Net  9  TASL 10  仅TASL 1  287s

【TASL 后处理扫描】(mask 固定 0.3)
box_thr  min_area        F1       TP       FP       P       R
0.50     None        0.5921      233      265   0.468   0.806
0.50     abs4        0.6075      250      284   0.468   0.865
0.50     scaled6     0.5921      233      265   0.468   0.806
0.55     None        0.6365      232      208   0.527   0.803
0.55     abs4        0.6561      249      221   0.530   0.862
0.55     scaled6     0.6365      232      208   0.527   0.803
0.60     None        0.6619      231      178   0.565   0.799
0.60     abs4        0.6870      248      185   0.573   0.858 ←同学定版/我们同款
0.60     scaled6     0.6619      231      178   0.565   0.799
0.65     None        0.7090      229      128   0.641   0.792
0.65     abs4        0.7346      245      133   0.648   0.848
0.65     scaled6     0.7090      229      128   0.641   0.792
0.70     None        0.7475      228       93   0.710   0.789
0.70     abs4        0.7719      242       96   0.716   0.837
0.70     scaled6     0.7475      228       93   0.710   0.789

【对照 U-Net(0.3/0.6)】F1 0.9447  P 0.974  R 0.917  TP265 FP7 FN24

【互补性 —— 决定 ensemble 值不值得】TASL 用 (0.6, 'abs4'),GT 共 289
  两者都命中   :  234 ( 81.0%)
  仅 U-Net 命中:   31 ( 10.7%)
  ★仅 TASL 命中:   14 (  4.8%)
  两者都漏     :   10 (  3.5%)

  U-Net 漏 24 个,TASL 能捞回 14 个 = 58.3%

  判据:仅TASL命中≈0 → 集成无效;明显>0 → 值得做热图融合
