/root/autodl-tmp/cyberaicup2026/task1_pipeline/models/strong.py:25: UserWarning: [strong] 未装 segmentation_models_pytorch(No module named 'segmentation_models_pytorch');smp 系强 baseline 不可用。
  warnings.warn(f"[strong] 未装 segmentation_models_pytorch({e});smp 系强 baseline 不可用。")
验证分区 40 张,GT 289
载入 U-Net 3 个,TASL 2 个
  [ 1/40] img004 3s
  [ 2/40] img005 5s
  [ 3/40] img007 8s
  [ 4/40] img012 21s
  [ 5/40] img016 24s
  [ 6/40] img018 26s
  [ 7/40] img022 37s
  [ 8/40] img033 49s
  [ 9/40] img037 62s
  [10/40] img044 75s
  [11/40] img045 87s
  [12/40] img055 99s
  [13/40] img060 112s
  [14/40] img061 124s
  [15/40] img074 137s
  [16/40] img080 249s
  [17/40] img083 253s
  [18/40] img098 263s
  [19/40] img106 289s
  [20/40] img107 315s
  [21/40] img111 340s
  [22/40] img122 533s
  [23/40] img123 555s
  [24/40] img125 564s
  [25/40] img129 576s
  [26/40] img130 581s
  [27/40] img145 591s
  [28/40] img146 601s
  [29/40] img150 610s
  [30/40] img152 618s
  [31/40] img154 628s
  [32/40] img159 638s
  [33/40] img170 649s
  [34/40] img177 656s
  [35/40] img179 665s
  [36/40] img180 675s
  [37/40] img182 685s
  [38/40] img183 694s
  [39/40] img185 704s
  [40/40] img189 714s

【多seed 融合网格 F1】(mask 0.3, min_area abs4)
配置                0.50    0.55    0.60    0.65    0.70    0.75   最佳(TP/FP/FN)
U1              0.9600  0.9617  0.9634  0.9615  0.9597  0.9466   0.9634@0.60 (276/8/13)
U3              0.9667  0.9684  0.9684  0.9684  0.9666  0.9628   0.9684@0.55 (276/5/13)
T1              0.6075  0.6561  0.6870  0.7346  0.7719  0.8055   0.8055@0.75 (236/61/53)
T2              0.8828  0.8840  0.8840  0.8810  0.8780  0.8681   0.8840@0.55 (240/14/49)
U2+T1@0.10      0.9702  0.9702  0.9702  0.9719  0.9681  0.9607   0.9719@0.65 (277/4/12)
U2+T1@0.15      0.9738  0.9702  0.9719  0.9701  0.9700  0.9532   0.9738@0.50 (279/5/10)
U2+T1@0.20      0.9738  0.9719  0.9719  0.9718  0.9627  0.9377   0.9738@0.50 (279/5/10)
U3+T1@0.10      0.9702  0.9719  0.9719  0.9719  0.9683  0.9626   0.9719@0.55 (277/4/12)
U3+T1@0.15      0.9719  0.9719  0.9719  0.9719  0.9719  0.9531   0.9719@0.50 (277/4/12)
U3+T1@0.20      0.9702  0.9719  0.9719  0.9719  0.9626  0.9397   0.9719@0.55 (277/4/12)

【关键对比】
  部署基线 U-Net ens3            : 0.9684
  同等成本 U-Net ens2 + TASL(3个): 0.9738   Δ vs ens3 = +0.0054
  加量     U-Net ens3 + TASL(4个): 0.9719   Δ vs ens3 = +0.0035
  单模型   U1 0.9634 | T1 0.8055 | T2 0.8840

  判据(沿用我们既有纪律):Δ > 0.005 才算真赢;跑间噪声约 ±0.02
  → 同等成本下 TASL 优于第三个 U-Net seed,值得进定版
