/root/autodl-tmp/cyberaicup2026/task1_pipeline/models/strong.py:25: UserWarning: [strong] 未装 segmentation_models_pytorch(No module named 'segmentation_models_pytorch');smp 系强 baseline 不可用。
  warnings.warn(f"[strong] 未装 segmentation_models_pytorch({e});smp 系强 baseline 不可用。")
划分 seed = 1,ckpt 前缀 = 'sp1_'
验证分区 40 张,GT 282
载入 U-Net 3 个,TASL 2 个
  [ 1/40] img004 3s
  [ 2/40] img011 4s
  [ 3/40] img016 7s
  [ 4/40] img018 9s
  [ 5/40] img027 23s
  [ 6/40] img028 37s
  [ 7/40] img029 51s
  [ 8/40] img031 63s
  [ 9/40] img034 74s
  [10/40] img035 88s
  [11/40] img038 100s
  [12/40] img040 112s
  [13/40] img044 124s
  [14/40] img047 135s
  [15/40] img051 149s
  [16/40] img058 163s
  [17/40] img059 177s
  [18/40] img069 192s
  [19/40] img073 205s
  [20/40] img089 325s
  [21/40] img094 351s
  [22/40] img095 361s
  [23/40] img097 370s
  [24/40] img102 379s
  [25/40] img110 389s
  [26/40] img118 399s
  [27/40] img136 409s
  [28/40] img159 419s
  [29/40] img162 430s
  [30/40] img165 440s
  [31/40] img168 446s
  [32/40] img171 452s
  [33/40] img172 462s
  [34/40] img174 472s
  [35/40] img176 481s
  [36/40] img177 488s
  [37/40] img184 495s
  [38/40] img193 505s
  [39/40] img194 507s
  [40/40] img198 516s

【多seed 融合网格 F1】(mask 0.3, min_area abs4)
配置                0.40    0.45    0.50    0.55    0.60    0.65    0.70    0.75   最佳(TP/FP/FN)
U1              0.8093  0.8557  0.9016  0.9223  0.9321  0.9405  0.9472  0.9405   0.9472@0.70 (260/7/22)
U3              0.9279  0.9412  0.9531  0.9564  0.9581  0.9580  0.9560  0.9403   0.9581@0.60 (263/4/19)
T1              0.8070  0.8361  0.8430  0.8528  0.8533  0.8615  0.8700  0.8683   0.8700@0.70 (251/44/31)
T2              0.8504  0.8776  0.9107  0.9138  0.9098  0.9074  0.9023  0.8829   0.9138@0.55 (249/14/33)
U2+T1@0.10      0.9315  0.9550  0.9584  0.9600  0.9581  0.9562  0.9483  0.9286   0.9600@0.55 (264/4/18)
U2+T1@0.15      0.9315  0.9567  0.9619  0.9600  0.9600  0.9543  0.9444  0.9225   0.9619@0.50 (265/4/17)
U2+T1@0.20      0.9483  0.9586  0.9636  0.9636  0.9636  0.9559  0.9403  0.9242   0.9636@0.50 (265/3/17)
U3+T1@0.10      0.9453  0.9536  0.9620  0.9638  0.9673  0.9673  0.9653  0.9478   0.9673@0.60 (266/2/16)
U3+T1@0.15      0.9558  0.9694  0.9710  0.9710  0.9673  0.9672  0.9615  0.9418   0.9710@0.50 (268/2/14)
U3+T1@0.20      0.9610  0.9711  0.9710  0.9691  0.9690  0.9653  0.9519  0.9338   0.9711@0.45 (269/3/13)

【关键对比】
  部署基线 U-Net ens3            : 0.9581
  同等成本 U-Net ens2 + TASL(3个): 0.9636   Δ vs ens3 = +0.0055
  加量     U-Net ens3 + TASL(4个): 0.9711   Δ vs ens3 = +0.0130
  单模型   U1 0.9472 | T1 0.8700 | T2 0.9138

  判据(沿用我们既有纪律):Δ > 0.005 才算真赢;跑间噪声约 ±0.02
  → 同等成本下 TASL 优于第三个 U-Net seed,值得进定版
