/root/autodl-tmp/cyberaicup2026/task1_pipeline/models/strong.py:25: UserWarning: [strong] 未装 segmentation_models_pytorch(No module named 'segmentation_models_pytorch');smp 系强 baseline 不可用。
  warnings.warn(f"[strong] 未装 segmentation_models_pytorch({e});smp 系强 baseline 不可用。")
验证分区 40 张,GT 289
  [ 1/40] img004  1s
  [ 2/40] img005  2s
  [ 3/40] img007  3s
  [ 4/40] img012  9s
  [ 5/40] img016  10s
  [ 6/40] img018  11s
  [ 7/40] img022  16s
  [ 8/40] img033  21s
  [ 9/40] img037  26s
  [10/40] img044  31s
  [11/40] img045  36s
  [12/40] img055  42s
  [13/40] img060  47s
  [14/40] img061  52s
  [15/40] img074  57s
  [16/40] img080  107s
  [17/40] img083  109s
  [18/40] img098  113s
  [19/40] img106  124s
  [20/40] img107  135s
  [21/40] img111  146s
  [22/40] img122  225s
  [23/40] img123  236s
  [24/40] img125  240s
  [25/40] img129  244s
  [26/40] img130  246s
  [27/40] img145  250s
  [28/40] img146  254s
  [29/40] img150  258s
  [30/40] img152  262s
  [31/40] img154  266s
  [32/40] img159  270s
  [33/40] img170  274s
  [34/40] img177  277s
  [35/40] img179  281s
  [36/40] img180  285s
  [37/40] img182  289s
  [38/40] img183  293s
  [39/40] img185  297s
  [40/40] img189  302s

【融合网格 F1】行=TASL权重 w,列=box_thr(mask 0.3,min_area abs4)
wox      0.50    0.55    0.60    0.65    0.70    0.75    0.80    0.85
0.00    0.9600  0.9617  0.9634  0.9615  0.9597  0.9466  0.9202  0.8115 (=纯U-Net,自检应≈0.9447)
0.10    0.9652  0.9668  0.9668  0.9668  0.9649  0.9553  0.9159  0.7958
0.20    0.9634  0.9634  0.9634  0.9649  0.9574  0.9399  0.8910  0.7983
0.30    0.9632  0.9631  0.9539  0.9401  0.9304  0.9101  0.8820  0.7780
0.40    0.9466  0.9405  0.9304  0.9242  0.9199  0.9032  0.8755  0.7516
0.50    0.9234  0.9231  0.9208  0.9165  0.9139  0.9011  0.8711  0.7127

【TASL 单独,box 延伸到 0.85】
          0.50    0.55    0.60    0.65    0.70    0.75    0.80    0.85
F1      0.6075  0.6561  0.6870  0.7346  0.7719  0.8055  0.8170  0.7277

【结论】纯 U-Net 最佳 0.9634;融合最佳 0.9668 (w=0.10, box=0.55, TP277 FP7 FN12)
      Δ = +0.0035  ← 在噪声带内(我们实测跑间噪声约 ±0.02),不算真赢
