[tasl mseed=1 split=1] 训练 160 / 验证 40 → outputs/sp1_tasl_s1.pt
/root/autodl-tmp/cyberaicup2026/task1_pipeline/models/strong.py:25: UserWarning: [strong] 未装 segmentation_models_pytorch(No module named 'segmentation_models_pytorch');smp 系强 baseline 不可用。
  warnings.warn(f"[strong] 未装 segmentation_models_pytorch({e});smp 系强 baseline 不可用。")
[my_tasl] 切片 2730 张,训练(30 ep,设备 cuda,seed=1,in_ch=6)
  [my_tasl] ep1/30 loss=1.140 (173s)
  [my_tasl] ep2/30 loss=0.629 (332s)
  [my_tasl] ep3/30 loss=0.459 (486s)
  [my_tasl] ep4/30 loss=0.498 (645s)
  [my_tasl] ep5/30 loss=0.831 (802s)
  [my_tasl] ep6/30 loss=0.754 (955s)
  [my_tasl] ep7/30 loss=0.521 (1108s)
  [my_tasl] ep8/30 loss=0.421 (1244s)
  [my_tasl] ep9/30 loss=0.139 (1334s)
  [my_tasl] ep10/30 loss=0.289 (1423s)
  [my_tasl] ep11/30 loss=0.114 (1513s)
  [my_tasl] ep12/30 loss=0.641 (1603s)
  [my_tasl] ep13/30 loss=0.171 (1692s)
  [my_tasl] ep14/30 loss=0.320 (1781s)
  [my_tasl] ep15/30 loss=0.466 (1869s)
  [my_tasl] ep16/30 loss=0.078 (1961s)
  [my_tasl] ep17/30 loss=0.560 (2049s)
  [my_tasl] ep18/30 loss=0.181 (2136s)
  [my_tasl] ep19/30 loss=0.582 (2226s)
  [my_tasl] ep20/30 loss=0.360 (2314s)
  [my_tasl] ep21/30 loss=0.526 (2403s)
  [my_tasl] ep22/30 loss=0.296 (2490s)
  [my_tasl] ep23/30 loss=0.531 (2577s)
  [my_tasl] ep24/30 loss=0.179 (2664s)
  [my_tasl] ep25/30 loss=0.209 (2752s)
  [my_tasl] ep26/30 loss=0.638 (2837s)
  [my_tasl] ep27/30 loss=0.445 (2926s)
  [my_tasl] ep28/30 loss=0.398 (3015s)
  [my_tasl] ep29/30 loss=0.223 (3104s)
  [my_tasl] ep30/30 loss=0.157 (3194s)
[my_tasl] 训练完成,权重存 outputs/sp1_tasl_s1.pt
[tasl mseed=1 split=1] 完成 3731s
