[tasl mseed=0 split=1] 训练 160 / 验证 40 → outputs/sp1_my_tasl.pt
/root/autodl-tmp/cyberaicup2026/task1_pipeline/models/strong.py:25: UserWarning: [strong] 未装 segmentation_models_pytorch(No module named 'segmentation_models_pytorch');smp 系强 baseline 不可用。
  warnings.warn(f"[strong] 未装 segmentation_models_pytorch({e});smp 系强 baseline 不可用。")
[my_tasl] 切片 2730 张,训练(30 ep,设备 cuda,seed=0,in_ch=6)
  [my_tasl] ep1/30 loss=1.244 (151s)
  [my_tasl] ep2/30 loss=0.534 (309s)
  [my_tasl] ep3/30 loss=0.576 (466s)
  [my_tasl] ep4/30 loss=0.280 (625s)
  [my_tasl] ep5/30 loss=0.667 (782s)
  [my_tasl] ep6/30 loss=0.411 (939s)
  [my_tasl] ep7/30 loss=0.308 (1100s)
  [my_tasl] ep8/30 loss=0.401 (1258s)
  [my_tasl] ep9/30 loss=0.429 (1355s)
  [my_tasl] ep10/30 loss=0.175 (1446s)
  [my_tasl] ep11/30 loss=0.609 (1537s)
  [my_tasl] ep12/30 loss=0.676 (1628s)
  [my_tasl] ep13/30 loss=0.197 (1717s)
  [my_tasl] ep14/30 loss=0.318 (1810s)
  [my_tasl] ep15/30 loss=0.494 (1900s)
  [my_tasl] ep16/30 loss=0.145 (1991s)
  [my_tasl] ep17/30 loss=0.558 (2083s)
  [my_tasl] ep18/30 loss=0.134 (2174s)
  [my_tasl] ep19/30 loss=0.406 (2265s)
  [my_tasl] ep20/30 loss=0.291 (2357s)
  [my_tasl] ep21/30 loss=0.398 (2448s)
  [my_tasl] ep22/30 loss=0.271 (2538s)
  [my_tasl] ep23/30 loss=0.337 (2629s)
  [my_tasl] ep24/30 loss=0.122 (2720s)
  [my_tasl] ep25/30 loss=0.186 (2810s)
  [my_tasl] ep26/30 loss=0.348 (2899s)
  [my_tasl] ep27/30 loss=0.325 (2991s)
  [my_tasl] ep28/30 loss=0.278 (3083s)
  [my_tasl] ep29/30 loss=0.494 (3173s)
  [my_tasl] ep30/30 loss=0.095 (3254s)
[my_tasl] 训练完成,权重存 outputs/sp1_my_tasl.pt
[tasl mseed=0 split=1] 完成 3738s
