[tasl seed=1] 训练集 160 张 → outputs/tasl_s1.pt
/root/autodl-tmp/cyberaicup2026/task1_pipeline/models/strong.py:25: UserWarning: [strong] 未装 segmentation_models_pytorch(No module named 'segmentation_models_pytorch');smp 系强 baseline 不可用。
  warnings.warn(f"[strong] 未装 segmentation_models_pytorch({e});smp 系强 baseline 不可用。")
[my_tasl] 切片 2716 张,训练(30 ep,设备 cuda,seed=1,in_ch=6)
  [my_tasl] ep1/30 loss=1.163 (204s)
  [my_tasl] ep2/30 loss=0.556 (384s)
  [my_tasl] ep3/30 loss=0.569 (567s)
  [my_tasl] ep4/30 loss=0.300 (748s)
  [my_tasl] ep5/30 loss=0.345 (849s)
  [my_tasl] ep6/30 loss=0.342 (927s)
  [my_tasl] ep7/30 loss=0.174 (961s)
  [my_tasl] ep8/30 loss=0.412 (994s)
  [my_tasl] ep9/30 loss=0.326 (1028s)
  [my_tasl] ep10/30 loss=0.135 (1062s)
  [my_tasl] ep11/30 loss=0.528 (1096s)
  [my_tasl] ep12/30 loss=0.327 (1130s)
  [my_tasl] ep13/30 loss=0.324 (1164s)
  [my_tasl] ep14/30 loss=0.496 (1198s)
  [my_tasl] ep15/30 loss=0.558 (1232s)
  [my_tasl] ep16/30 loss=0.333 (1266s)
  [my_tasl] ep17/30 loss=0.283 (1300s)
  [my_tasl] ep18/30 loss=0.254 (1334s)
  [my_tasl] ep19/30 loss=0.176 (1368s)
  [my_tasl] ep20/30 loss=0.341 (1402s)
  [my_tasl] ep21/30 loss=0.615 (1436s)
  [my_tasl] ep22/30 loss=0.536 (1470s)
  [my_tasl] ep23/30 loss=0.298 (1504s)
  [my_tasl] ep24/30 loss=0.369 (1538s)
  [my_tasl] ep25/30 loss=0.597 (1572s)
  [my_tasl] ep26/30 loss=0.276 (1606s)
  [my_tasl] ep27/30 loss=0.410 (1639s)
  [my_tasl] ep28/30 loss=0.414 (1673s)
  [my_tasl] ep29/30 loss=0.218 (1710s)
  [my_tasl] ep30/30 loss=0.280 (1743s)
[my_tasl] 训练完成,权重存 outputs/tasl_s1.pt
[tasl seed=1] 完成,用时 3164s
